
elastix is started at Wed Aug 25 09:45:51 2021.

which elastix:   /home/ybr19/Software/Elastix/elastix-4.9.0-linux/bin/elastix
elastix runs at: gpubeastie05
  Linux 5.4.0-80-generic (x64), #90~18.04.1-Ubuntu SMP Tue Jul 13 19:40:02 UTC 2021
  with 257598 MB memory, and 20 cores @ 1000 MHz.
-------------------------------------------------------------------------

Running elastix with parameter file 0: "/home/ybr19/Software/Registration/elastixReg/TransformationParameters/parameters_single_affine.txt".

Current time: Wed Aug 25 09:45:51 2021.
Reading the elastix parameters from file ...

Installing all components.
InstallingComponents was successful.

ELASTIX version: 4.900
Command line options from ElastixBase:
-f        /home/ybr19/Software/Registration/elastixReg/TemporaryResults/Input/imageFixed.nii
-m        /home/ybr19/Software/Registration/elastixReg/TemporaryResults/Input/imageMoving.nii
-fMask    unspecified, so no fixed mask used
-mMask    unspecified, so no moving mask used
-out      /home/ybr19/Software/Registration/elastixReg/TemporaryResults/OutputAffine/
-p        /home/ybr19/Software/Registration/elastixReg/TransformationParameters/parameters_single_affine.txt
-threads  unspecified, so all available threads are used
Command line options from TransformBase:
-t0       /home/ybr19/Software/Registration/elastixReg/TemporaryResults/OutputEuler/TransformParameters.0.txt

=============== start of ParameterFile: /home/ybr19/Software/Registration/elastixReg/TransformationParameters/parameters_single_affine.txt ===============
(FixedInternalImagePixelType "float")  
(MovingInternalImagePixelType "float")  
(UseDirectionCosines "true")  
(Registration "MultiResolutionRegistration")  
(Interpolator "BSplineInterpolator")  
(ResampleInterpolator "FinalBSplineInterpolator")  
(Resampler "DefaultResampler")  
(FixedImagePyramid "FixedRecursiveImagePyramid")  
(MovingImagePyramid "MovingRecursiveImagePyramid") 
(Optimizer "AdaptiveStochasticGradientDescent")  
(Transform "AffineTransform")  
(Metric "AdvancedMattesMutualInformation" ) 
(NumberOfHistogramBins 32) 
(AutomaticScalesEstimation "true")  
(HowToCombineTransforms "Compose") 
(ErodeMask "true")  
(NumberOfResolutions 3)  
(MaximumNumberOfIterations 100) 
(MaximumStepLength 1)  
(NumberOfSpatialSamples 7000) 
(NewSamplesEveryIteration "true") 
(ImageSampler "Random") 
(BSplineInterpolationOrder "1") 
(FinalBSplineInterpolationOrder "3") 
(DefaultPixelValue 0)  
(WriteResultImage "false") 
(ResultImagePixelType "float") 
(ResultImageFormat "nii")  
(ShowExactMetricValue "true" "true") 


=============== end of ParameterFile: /home/ybr19/Software/Registration/elastixReg/TransformationParameters/parameters_single_affine.txt ===============


Reading images...
Reading images took 58 ms.

Reading the elastix parameters from file ...

WARNING: the fixed pyramid schedule is not fully specified!
  A default pyramid schedule is used.
WARNING: the moving pyramid schedule is not fully specified!
  A default pyramid schedule is used.
WARNING: The parameter "AutomaticTransformInitialization", requested at entry number 0, does not exist at all.
  The default value "false" is used instead.
WARNING: The parameter "AutomaticTransformInitializationMethod", requested at entry number 0, does not exist at all.
  The default value "GeometricalCenter" is used instead.
Transform parameters are initialized as: [1, 0, 0, 0, 1, 0, 0, 0, 1, 0, 0, 0]
Scales are estimated automatically.
Scales for transform parameters are: [3989.3498652187527, 6598.803222339808, 4721.819434213762, 3989.3498652187527, 6598.803222339808, 4721.819434213762, 3989.3498652187527, 6598.803222339808, 4721.819434213762, 1, 1, 1]
Initialization of all components (before registration) took: 3 ms.
Preparation of the image pyramids took: 403 ms.

Resolution: 0
WARNING: The parameter "ExactMetricSampleGridSpacing", requested at entry number 0, does not exist at all.
  The default value "1" is used instead.
WARNING: The parameter "ExactMetricSampleGridSpacing", requested at entry number 1, does not exist at all.
  The default value "1" is used instead.
WARNING: The parameter "ExactMetricSampleGridSpacing", requested at entry number 2, does not exist at all.
  The default value "1" is used instead.
WARNING: The parameter "ExactMetricEveryXIterations", requested at entry number 0, does not exist at all.
  The default value "1" is used instead.
WARNING: The parameter "CheckNumberOfSamples", requested at entry number 0, does not exist at all.
  The default value "true" is used instead.
WARNING: The parameter "UseMultiThreadingForMetrics", requested at entry number 0, does not exist at all.
  The default value "true" is used instead.
Setting the fixed masks took: 0 ms.
Setting the moving masks took: 0 ms.
WARNING: The parameter "NumberOfFixedHistogramBins", requested at entry number 0, does not exist at all.
  The default value "32" is used instead.
WARNING: The parameter "NumberOfMovingHistogramBins", requested at entry number 0, does not exist at all.
  The default value "32" is used instead.
WARNING: The parameter "FixedLimitRangeRatio", requested at entry number 0, does not exist at all.
  The default value "0.01" is used instead.
WARNING: The parameter "MovingLimitRangeRatio", requested at entry number 0, does not exist at all.
  The default value "0.01" is used instead.
WARNING: The parameter "FixedKernelBSplineOrder", requested at entry number 0, does not exist at all.
  The default value "0" is used instead.
WARNING: The parameter "MovingKernelBSplineOrder", requested at entry number 0, does not exist at all.
  The default value "3" is used instead.
WARNING: The parameter "UseFastAndLowMemoryVersion", requested at entry number 0, does not exist at all.
  The default value "true" is used instead.
WARNING: The parameter "UseJacobianPreconditioning", requested at entry number 0, does not exist at all.
  The default value "false" is used instead.
WARNING: The parameter "FiniteDifferenceDerivative", requested at entry number 0, does not exist at all.
  The default value "false" is used instead.
WARNING: The parameter "SP_A", requested at entry number 0, does not exist at all.
  The default value "20" is used instead.
WARNING: The parameter "MaximumNumberOfSamplingAttempts", requested at entry number 0, does not exist at all.
  The default value "0" is used instead.
WARNING: The parameter "SigmoidInitialTime", requested at entry number 0, does not exist at all.
  The default value "0" is used instead.
WARNING: The parameter "MaxBandCovSize", requested at entry number 0, does not exist at all.
  The default value "192" is used instead.
WARNING: The parameter "NumberOfBandStructureSamples", requested at entry number 0, does not exist at all.
  The default value "10" is used instead.
WARNING: The parameter "UseAdaptiveStepSizes", requested at entry number 0, does not exist at all.
  The default value "true" is used instead.
WARNING: The parameter "AutomaticParameterEstimation", requested at entry number 0, does not exist at all.
  The default value "true" is used instead.
WARNING: The parameter "UseConstantStep", requested at entry number 0, does not exist at all.
  The default value "false" is used instead.
WARNING: The parameter "NumberOfGradientMeasurements", requested at entry number 0, does not exist at all.
  The default value "0" is used instead.
WARNING: The parameter "NumberOfJacobianMeasurements", requested at entry number 0, does not exist at all.
  The default value "1000" is used instead.
WARNING: The parameter "NumberOfSamplesForExactGradient", requested at entry number 0, does not exist at all.
  The default value "100000" is used instead.
WARNING: The parameter "SigmoidScaleFactor", requested at entry number 0, does not exist at all.
  The default value "0.1" is used instead.
Elastix initialization of all components (for this resolution) took: 16 ms.
Initialization of AdvancedMattesMutualInformation metric took: 1 ms.
Starting automatic parameter estimation for AdaptiveStochasticGradientDescent ...
WARNING: The parameter "ASGDParameterEstimationMethod", requested at entry number 0, does not exist at all.
  The default value "Original" is used instead.
  Computing JacobianTerms ...
  Computing the Jacobian terms took 0.001163s
  NumberOfGradientMeasurements to estimate sigma_i: 3
  Sampling gradients ...
  Sampling the gradients took 0.096513s
Automatic parameter estimation took 0.11s
1:ItNr	2:Metric	3a:Time	3b:StepSize	4:||Gradient||	ExactMetric0	Time[ms]
0	-1.205565	0.000000	10.287835	0.029720	-1.214827	171.9
1	-1.224574	0.000000	10.287835	0.021026	-1.217050	24.6
2	-1.232730	0.000000	10.287835	0.011202	-1.217476	19.5
3	-1.229888	0.000000	10.287835	0.009548	-1.217374	13.2
4	-1.238714	0.997376	9.821377	0.011152	-1.217383	12.4
5	-1.228078	1.940776	9.417490	0.009547	-1.217743	13.2
6	-1.227163	2.940776	9.024124	0.009958	-1.217863	13.5
7	-1.235725	3.940774	8.662303	0.011243	-1.217663	12.3
8	-1.218406	4.940772	8.328377	0.007803	-1.217916	17.5
9	-1.213393	5.940772	8.019241	0.009444	-1.217700	16.6
10	-1.222480	5.859765	8.043426	0.011960	-1.217879	11.8
11	-1.219136	6.859765	7.754715	0.004259	-1.217982	12.6
12	-1.223052	7.859519	7.486075	0.007039	-1.217920	13.6
13	-1.199458	7.778705	7.507097	0.006454	-1.218007	13.3
14	-1.220137	8.750506	7.261878	0.009145	-1.217928	19.2
15	-1.217747	8.688964	7.276931	0.005211	-1.217917	14.7
16	-1.230357	9.685856	7.040525	0.006493	-1.217932	17.6
17	-1.244115	9.644922	7.049929	0.005143	-1.217894	12.2
18	-1.230801	9.802325	7.013904	0.006652	-1.217925	13.0
19	-1.219819	9.882103	6.995784	0.009274	-1.217755	12.5
20	-1.216833	9.801623	7.014063	0.010009	-1.217903	14.3
21	-1.221775	10.801623	6.793506	0.004200	-1.217944	13.4
22	-1.240407	11.297329	6.689238	0.009137	-1.217895	18.3
23	-1.224910	11.218850	6.705532	0.007982	-1.217977	12.8
24	-1.239858	11.563786	6.634503	0.009576	-1.217905	12.6
25	-1.207731	12.563786	6.436835	0.005442	-1.217830	14.0
26	-1.201049	12.750375	6.401248	0.008078	-1.217952	12.2
27	-1.226967	13.747384	6.217577	0.013165	-1.217743	12.7
28	-1.227867	13.666147	6.232147	0.007459	-1.217913	14.3
29	-1.230735	14.666147	6.057412	0.008340	-1.217937	18.8
30	-1.209075	14.817723	6.031778	0.007453	-1.217956	15.6
31	-1.213791	14.797929	6.035113	0.008492	-1.217994	13.7
32	-1.232438	14.793385	6.035879	0.010463	-1.217862	17.9
33	-1.221455	15.793385	5.871831	0.012184	-1.217909	12.6
34	-1.184654	16.793385	5.716464	0.007364	-1.217787	17.4
35	-1.242662	17.644584	5.590551	0.012559	-1.217855	12.3
36	-1.223705	18.644584	5.449535	0.007872	-1.217979	13.5
37	-1.236341	19.644584	5.315457	0.006464	-1.217914	11.9
38	-1.237457	20.478086	5.208643	0.007135	-1.217998	12.8
39	-1.213209	21.460094	5.088178	0.007278	-1.217952	14.5
40	-1.220819	22.448278	4.972453	0.009094	-1.217903	12.9
41	-1.216034	22.367068	4.981765	0.010739	-1.217824	12.9
42	-1.218828	22.286076	4.991086	0.014977	-1.217912	13.7
43	-1.219492	23.286076	4.878385	0.006568	-1.217863	13.8
44	-1.201362	23.204913	4.887342	0.009979	-1.217954	12.7
45	-1.199287	23.125281	4.896162	0.005962	-1.217925	13.9
46	-1.223242	23.044325	4.905162	0.005324	-1.217907	14.0
47	-1.236600	23.849046	4.817149	0.010908	-1.217896	15.4
48	-1.213714	24.770824	4.720136	0.008067	-1.217917	12.9
49	-1.224444	25.763068	4.619982	0.006518	-1.217938	13.5
50	-1.239295	26.762715	4.523288	0.007129	-1.217908	14.5
51	-1.238583	26.732885	4.526115	0.006755	-1.217885	13.0
52	-1.192653	26.874452	4.512731	0.007105	-1.217930	14.0
53	-1.190853	27.523686	4.452352	0.008988	-1.217991	14.7
54	-1.227896	28.523637	4.362453	0.006612	-1.217972	13.1
55	-1.221980	28.442542	4.369608	0.009611	-1.217861	15.2
56	-1.213855	28.361309	4.376799	0.018358	-1.217875	13.9
57	-1.228997	29.361309	4.289891	0.008128	-1.217968	12.5
58	-1.234293	30.361309	4.206367	0.008516	-1.217992	14.4
59	-1.228083	30.293385	4.211937	0.010191	-1.217943	13.3
60	-1.202288	30.212149	4.218619	0.010277	-1.217958	12.8
61	-1.227494	31.211851	4.137845	0.007188	-1.218001	14.2
62	-1.247341	32.210893	4.060156	0.013225	-1.217985	13.2
63	-1.216375	33.207609	3.985502	0.006663	-1.218000	11.9
64	-1.233525	33.584156	3.958008	0.009241	-1.218020	12.9
65	-1.220060	34.520848	3.891233	0.008787	-1.218014	13.5
66	-1.257072	34.448624	3.896301	0.009571	-1.217990	12.7
67	-1.199131	35.090843	3.851690	0.005776	-1.217996	14.4
68	-1.219542	35.010118	3.857241	0.007724	-1.217968	18.1
69	-1.213081	35.063501	3.853568	0.009881	-1.217932	13.1
70	-1.235407	34.982284	3.859159	0.007637	-1.217988	13.6
71	-1.207765	35.982284	3.791433	0.009105	-1.217992	14.1
72	-1.225917	36.922441	3.729893	0.007931	-1.217962	13.2
73	-1.220652	36.857283	3.734094	0.006135	-1.217978	12.9
74	-1.222538	37.563579	3.689060	0.008489	-1.218019	13.4
75	-1.191375	37.737009	3.678167	0.008546	-1.217967	16.9
76	-1.225148	38.736419	3.616630	0.007071	-1.217981	14.4
77	-1.214810	38.887326	3.607517	0.006193	-1.217956	15.0
78	-1.235060	38.811427	3.612095	0.008817	-1.217910	12.5
79	-1.230335	38.839492	3.610401	0.011981	-1.217970	13.3
80	-1.214428	39.839486	3.551058	0.009707	-1.217955	18.7
81	-1.231001	40.830006	3.494170	0.010262	-1.217945	12.4
82	-1.211017	41.829956	3.438559	0.007859	-1.217915	12.9
83	-1.197926	42.829820	3.384696	0.011577	-1.217973	12.5
84	-1.218568	43.708960	3.338711	0.006807	-1.217967	13.9
85	-1.236950	43.629524	3.342815	0.010258	-1.217935	14.0
86	-1.222737	43.754074	3.336385	0.011878	-1.218032	13.1
87	-1.218742	44.754069	3.285645	0.007463	-1.218037	13.9
88	-1.228241	44.720992	3.287299	0.005401	-1.218039	13.5
89	-1.227452	45.221955	3.262431	0.007619	-1.218022	12.6
90	-1.216177	45.168144	3.265084	0.007359	-1.218016	19.1
91	-1.225475	46.164530	3.216646	0.006183	-1.218009	13.3
92	-1.209865	47.097026	3.172599	0.008073	-1.218009	13.0
93	-1.215171	47.298482	3.163241	0.008841	-1.217992	14.2
94	-1.236916	48.298479	3.117594	0.009190	-1.218018	16.9
95	-1.208606	49.298472	3.073246	0.008899	-1.217961	12.6
96	-1.220262	49.217239	3.076802	0.007827	-1.218005	16.9
97	-1.220910	50.217235	3.033599	0.008311	-1.217988	24.6
98	-1.223083	50.351417	3.027894	0.012187	-1.217971	19.4
99	-1.216411	50.270201	3.031345	0.004513	-1.217978	22.1
Time spent in resolution 0 (ITK initialization and iterating): 1.606 s.
Stopping condition: Maximum number of iterations has been reached.
Settings of AdaptiveStochasticGradientDescent in resolution 0:
( SP_a 216.044533 )
( SP_A 20.000000 )
( SP_alpha 1.000000 )
( SigmoidMax 1.000000 )
( SigmoidMin -0.081237 )
( SigmoidScale 0.000003 )


Resolution: 1
WARNING: The parameter "ExactMetricSampleGridSpacing", requested at entry number 3, does not exist at all.
  The default value "1" is used instead.
WARNING: The parameter "ExactMetricSampleGridSpacing", requested at entry number 4, does not exist at all.
  The default value "1" is used instead.
WARNING: The parameter "ExactMetricSampleGridSpacing", requested at entry number 5, does not exist at all.
  The default value "1" is used instead.
WARNING: The parameter "ExactMetricEveryXIterations", requested at entry number 1, does not exist at all.
  The default value "1" is used instead.
WARNING: The parameter "CheckNumberOfSamples", requested at entry number 1, does not exist at all.
  The default value "true" is used instead.
WARNING: The parameter "UseMultiThreadingForMetrics", requested at entry number 1, does not exist at all.
  The default value "true" is used instead.
Setting the fixed masks took: 0 ms.
Setting the moving masks took: 0 ms.
WARNING: The parameter "NumberOfFixedHistogramBins", requested at entry number 1, does not exist at all.
  The default value "32" is used instead.
WARNING: The parameter "NumberOfMovingHistogramBins", requested at entry number 1, does not exist at all.
  The default value "32" is used instead.
WARNING: The parameter "FixedLimitRangeRatio", requested at entry number 1, does not exist at all.
  The default value "0.01" is used instead.
WARNING: The parameter "MovingLimitRangeRatio", requested at entry number 1, does not exist at all.
  The default value "0.01" is used instead.
WARNING: The parameter "FixedKernelBSplineOrder", requested at entry number 1, does not exist at all.
  The default value "0" is used instead.
WARNING: The parameter "MovingKernelBSplineOrder", requested at entry number 1, does not exist at all.
  The default value "3" is used instead.
WARNING: The parameter "UseFastAndLowMemoryVersion", requested at entry number 1, does not exist at all.
  The default value "true" is used instead.
WARNING: The parameter "UseJacobianPreconditioning", requested at entry number 1, does not exist at all.
  The default value "false" is used instead.
WARNING: The parameter "FiniteDifferenceDerivative", requested at entry number 1, does not exist at all.
  The default value "false" is used instead.
WARNING: The parameter "SP_A", requested at entry number 1, does not exist at all.
  The default value "20" is used instead.
WARNING: The parameter "MaximumNumberOfSamplingAttempts", requested at entry number 1, does not exist at all.
  The default value "0" is used instead.
WARNING: The parameter "SigmoidInitialTime", requested at entry number 1, does not exist at all.
  The default value "0" is used instead.
WARNING: The parameter "MaxBandCovSize", requested at entry number 1, does not exist at all.
  The default value "192" is used instead.
WARNING: The parameter "NumberOfBandStructureSamples", requested at entry number 1, does not exist at all.
  The default value "10" is used instead.
WARNING: The parameter "UseAdaptiveStepSizes", requested at entry number 1, does not exist at all.
  The default value "true" is used instead.
WARNING: The parameter "AutomaticParameterEstimation", requested at entry number 1, does not exist at all.
  The default value "true" is used instead.
WARNING: The parameter "UseConstantStep", requested at entry number 1, does not exist at all.
  The default value "false" is used instead.
WARNING: The parameter "NumberOfGradientMeasurements", requested at entry number 1, does not exist at all.
  The default value "0" is used instead.
WARNING: The parameter "NumberOfJacobianMeasurements", requested at entry number 1, does not exist at all.
  The default value "1000" is used instead.
WARNING: The parameter "NumberOfSamplesForExactGradient", requested at entry number 1, does not exist at all.
  The default value "100000" is used instead.
WARNING: The parameter "SigmoidScaleFactor", requested at entry number 1, does not exist at all.
  The default value "0.1" is used instead.
Elastix initialization of all components (for this resolution) took: 40 ms.
Initialization of AdvancedMattesMutualInformation metric took: 12 ms.
Starting automatic parameter estimation for AdaptiveStochasticGradientDescent ...
WARNING: The parameter "ASGDParameterEstimationMethod", requested at entry number 0, does not exist at all.
  The default value "Original" is used instead.
  Computing JacobianTerms ...
  Computing the Jacobian terms took 0.001179s
  NumberOfGradientMeasurements to estimate sigma_i: 3
  Sampling gradients ...
  Sampling the gradients took 0.083677s
Automatic parameter estimation took 0.09s
1:ItNr	2:Metric	3a:Time	3b:StepSize	4:||Gradient||	ExactMetric0	Time[ms]
0	-0.969774	0.000000	9.818834	0.019598	-0.976476	165.9
1	-0.998682	0.000000	9.818834	0.019949	-0.976045	30.5
2	-0.967088	1.000000	9.372523	0.022101	-0.976430	35.8
3	-0.985788	2.000000	8.965022	0.022499	-0.976447	36.1
4	-0.972628	3.000000	8.591480	0.023199	-0.976182	34.3
5	-0.978695	4.000000	8.247820	0.027183	-0.976167	36.7
6	-0.974153	5.000000	7.930596	0.022957	-0.976847	29.0
7	-0.990388	6.000000	7.636871	0.013787	-0.977454	28.0
8	-0.983346	7.000000	7.364125	0.019491	-0.976270	39.9
9	-0.989012	8.000000	7.110190	0.023070	-0.976819	27.2
10	-0.991653	9.000000	6.873184	0.020085	-0.977267	36.2
11	-0.988578	10.000000	6.651468	0.008808	-0.977309	35.5
12	-0.975355	11.000000	6.443610	0.013822	-0.977360	32.9
13	-0.985815	11.999982	6.248352	0.010561	-0.977111	38.5
14	-0.961391	11.945637	6.258659	0.015340	-0.977557	25.6
15	-0.974181	12.945637	6.074286	0.006441	-0.977500	34.0
16	-0.970076	12.848034	6.091802	0.012398	-0.977365	36.9
17	-0.975319	12.758543	6.107951	0.007024	-0.977312	29.3
18	-0.987125	12.676918	6.122755	0.013103	-0.977156	27.2
19	-0.983719	13.408117	5.992642	0.014904	-0.977187	38.5
20	-0.966374	14.408112	5.823397	0.011296	-0.977062	27.9
21	-0.985489	14.310505	5.839495	0.017504	-0.976876	34.2
22	-0.989262	15.310505	5.678674	0.013156	-0.977379	33.3
23	-0.991644	16.310505	5.526473	0.014322	-0.977467	33.9
24	-0.991675	17.310498	5.382219	0.018069	-0.977115	36.3
25	-0.988333	18.310498	5.245304	0.019605	-0.977212	35.7
26	-0.994736	19.310498	5.115181	0.014825	-0.977288	39.1
27	-0.987652	20.310498	4.991359	0.019851	-0.977274	34.7
28	-0.991953	20.214956	5.002929	0.013482	-0.977460	37.6
29	-0.973706	21.214956	4.884418	0.014157	-0.977457	29.9
30	-0.985527	22.002599	4.794955	0.011646	-0.977560	32.8
31	-0.990847	23.002585	4.685986	0.015154	-0.977309	33.0
32	-0.978400	24.002540	4.581864	0.018185	-0.976835	40.9
33	-0.965409	25.002540	4.482264	0.014805	-0.977518	38.0
34	-0.975834	26.002540	4.386901	0.012908	-0.977426	35.2
35	-0.985505	26.084764	4.379241	0.010512	-0.977457	30.6
36	-0.966102	27.084248	4.288213	0.015393	-0.977503	35.4
37	-0.981384	28.084244	4.200849	0.010945	-0.977571	27.6
38	-0.992384	29.084244	4.116974	0.010977	-0.977468	32.7
39	-0.987060	30.083258	4.036460	0.011052	-0.977612	33.9
40	-0.973154	31.083258	3.958960	0.013938	-0.977473	39.3
41	-0.997632	30.985670	3.966391	0.009501	-0.977492	34.2
42	-0.997244	31.985637	3.891536	0.014134	-0.977378	40.0
43	-0.994775	31.888093	3.898713	0.018048	-0.977323	32.5
44	-1.007999	32.888093	3.826365	0.019246	-0.977581	34.9
45	-0.988169	33.888093	3.756653	0.013213	-0.977571	34.4
46	-0.986607	34.888093	3.689435	0.014305	-0.977467	38.0
47	-0.988094	35.827828	3.628425	0.013706	-0.977511	39.1
48	-0.987619	36.827826	3.565680	0.012560	-0.977446	28.1
49	-0.998492	37.415696	3.529796	0.012637	-0.977506	33.8
50	-0.986387	38.410516	3.470690	0.012968	-0.977449	34.9
51	-0.985097	39.410516	3.413239	0.017326	-0.977461	33.6
52	-0.984168	40.410516	3.357658	0.012183	-0.977514	35.1
53	-0.997114	41.410516	3.303858	0.013518	-0.977475	39.5
54	-1.011129	42.407270	3.251922	0.012189	-0.977560	36.7
55	-0.974434	43.407179	3.201437	0.012684	-0.977467	26.9
56	-0.967334	43.981094	3.173162	0.009665	-0.977473	37.5
57	-0.969837	43.885650	3.177829	0.008535	-0.977450	34.8
58	-0.989378	44.884004	3.129675	0.007660	-0.977492	36.6
59	-0.974703	45.092954	3.119780	0.008195	-0.977451	32.2
60	-0.992508	46.090308	3.073402	0.011731	-0.977452	36.3
61	-0.975353	46.619316	3.049358	0.007557	-0.977449	31.4
62	-0.972008	47.618892	3.004938	0.013703	-0.977413	34.2
63	-0.980662	48.618863	2.961776	0.017916	-0.977601	39.0
64	-0.998756	49.618863	2.919836	0.008811	-0.977558	34.5
65	-0.969153	50.618861	2.879067	0.015335	-0.977546	33.9
66	-0.983149	51.618850	2.839421	0.012997	-0.977394	36.2
67	-0.971822	51.524021	2.843134	0.008441	-0.977475	31.1
68	-0.991828	52.523979	2.804466	0.008110	-0.977529	34.7
69	-1.003533	52.427242	2.808161	0.011767	-0.977569	38.3
70	-0.994845	52.331570	2.811825	0.013109	-0.977547	34.9
71	-0.974611	52.233976	2.815572	0.014407	-0.977500	32.9
72	-0.994087	52.136370	2.819329	0.011849	-0.977471	34.7
73	-0.979227	52.240824	2.815308	0.016121	-0.977473	38.1
74	-0.968976	53.240824	2.777387	0.013840	-0.977506	35.0
75	-0.988875	54.212728	2.741498	0.011960	-0.977455	35.4
76	-0.978582	54.220183	2.741226	0.010087	-0.977311	33.9
77	-0.970217	55.219442	2.705288	0.010072	-0.977443	42.0
78	-0.983223	56.219359	2.670257	0.015704	-0.977461	34.8
79	-0.988212	56.121752	2.673636	0.008753	-0.977483	36.5
80	-0.966886	57.121741	2.639413	0.008624	-0.977549	30.8
81	-0.991283	57.024249	2.642711	0.011163	-0.977488	35.7
82	-0.993583	56.926648	2.646021	0.013885	-0.977542	38.9
83	-0.983272	57.926647	2.612495	0.014073	-0.977485	38.1
84	-0.968382	57.829041	2.615730	0.010354	-0.977522	37.9
85	-0.968634	58.820868	2.583228	0.008409	-0.977513	36.8
86	-0.994855	58.724431	2.586353	0.008774	-0.977538	33.9
87	-0.986830	58.627666	2.589496	0.008439	-0.977492	37.6
88	-0.969312	58.537934	2.592417	0.011605	-0.977581	45.1
89	-0.991236	59.534824	2.560327	0.010690	-0.977623	35.2
90	-0.990425	59.437218	2.563434	0.014679	-0.977513	32.5
91	-0.990131	59.344401	2.566395	0.010764	-0.977575	37.3
92	-0.967564	60.344397	2.534846	0.010955	-0.977548	39.3
93	-0.984876	60.484997	2.530472	0.010819	-0.977546	29.8
94	-0.994123	60.387422	2.533506	0.013838	-0.977494	33.8
95	-0.989775	61.380456	2.502966	0.010867	-0.977563	33.1
96	-0.994490	62.380455	2.472948	0.014131	-0.977565	36.4
97	-1.000116	63.327961	2.445162	0.011503	-0.977466	33.9
98	-0.963285	64.327950	2.416506	0.012205	-0.977575	43.8
99	-0.982660	65.327950	2.388514	0.010233	-0.977584	33.7
Time spent in resolution 1 (ITK initialization and iterating): 3.623 s.
Stopping condition: Maximum number of iterations has been reached.
Settings of AdaptiveStochasticGradientDescent in resolution 1:
( SP_a 206.195509 )
( SP_A 20.000000 )
( SP_alpha 1.000000 )
( SigmoidMax 1.000000 )
( SigmoidMin -0.097607 )
( SigmoidScale 0.000004 )


Resolution: 2
WARNING: The parameter "ExactMetricSampleGridSpacing", requested at entry number 6, does not exist at all.
  The default value "1" is used instead.
WARNING: The parameter "ExactMetricSampleGridSpacing", requested at entry number 7, does not exist at all.
  The default value "1" is used instead.
WARNING: The parameter "ExactMetricSampleGridSpacing", requested at entry number 8, does not exist at all.
  The default value "1" is used instead.
WARNING: The parameter "ExactMetricEveryXIterations", requested at entry number 2, does not exist at all.
  The default value "1" is used instead.
WARNING: The parameter "CheckNumberOfSamples", requested at entry number 2, does not exist at all.
  The default value "true" is used instead.
WARNING: The parameter "UseMultiThreadingForMetrics", requested at entry number 2, does not exist at all.
  The default value "true" is used instead.
Setting the fixed masks took: 0 ms.
Setting the moving masks took: 0 ms.
WARNING: The parameter "NumberOfFixedHistogramBins", requested at entry number 2, does not exist at all.
  The default value "32" is used instead.
WARNING: The parameter "NumberOfMovingHistogramBins", requested at entry number 2, does not exist at all.
  The default value "32" is used instead.
WARNING: The parameter "FixedLimitRangeRatio", requested at entry number 2, does not exist at all.
  The default value "0.01" is used instead.
WARNING: The parameter "MovingLimitRangeRatio", requested at entry number 2, does not exist at all.
  The default value "0.01" is used instead.
WARNING: The parameter "FixedKernelBSplineOrder", requested at entry number 2, does not exist at all.
  The default value "0" is used instead.
WARNING: The parameter "MovingKernelBSplineOrder", requested at entry number 2, does not exist at all.
  The default value "3" is used instead.
WARNING: The parameter "UseFastAndLowMemoryVersion", requested at entry number 2, does not exist at all.
  The default value "true" is used instead.
WARNING: The parameter "UseJacobianPreconditioning", requested at entry number 2, does not exist at all.
  The default value "false" is used instead.
WARNING: The parameter "FiniteDifferenceDerivative", requested at entry number 2, does not exist at all.
  The default value "false" is used instead.
WARNING: The parameter "SP_A", requested at entry number 2, does not exist at all.
  The default value "20" is used instead.
WARNING: The parameter "MaximumNumberOfSamplingAttempts", requested at entry number 2, does not exist at all.
  The default value "0" is used instead.
WARNING: The parameter "SigmoidInitialTime", requested at entry number 2, does not exist at all.
  The default value "0" is used instead.
WARNING: The parameter "MaxBandCovSize", requested at entry number 2, does not exist at all.
  The default value "192" is used instead.
WARNING: The parameter "NumberOfBandStructureSamples", requested at entry number 2, does not exist at all.
  The default value "10" is used instead.
WARNING: The parameter "UseAdaptiveStepSizes", requested at entry number 2, does not exist at all.
  The default value "true" is used instead.
WARNING: The parameter "AutomaticParameterEstimation", requested at entry number 2, does not exist at all.
  The default value "true" is used instead.
WARNING: The parameter "UseConstantStep", requested at entry number 2, does not exist at all.
  The default value "false" is used instead.
WARNING: The parameter "NumberOfGradientMeasurements", requested at entry number 2, does not exist at all.
  The default value "0" is used instead.
WARNING: The parameter "NumberOfJacobianMeasurements", requested at entry number 2, does not exist at all.
  The default value "1000" is used instead.
WARNING: The parameter "NumberOfSamplesForExactGradient", requested at entry number 2, does not exist at all.
  The default value "100000" is used instead.
WARNING: The parameter "SigmoidScaleFactor", requested at entry number 2, does not exist at all.
  The default value "0.1" is used instead.
Elastix initialization of all components (for this resolution) took: 31 ms.
Initialization of AdvancedMattesMutualInformation metric took: 116 ms.
Starting automatic parameter estimation for AdaptiveStochasticGradientDescent ...
WARNING: The parameter "ASGDParameterEstimationMethod", requested at entry number 0, does not exist at all.
  The default value "Original" is used instead.
  Computing JacobianTerms ...
  Computing the Jacobian terms took 0.001179s
  NumberOfGradientMeasurements to estimate sigma_i: 3
  Sampling gradients ...
  Sampling the gradients took 0.112135s
Automatic parameter estimation took 0.12s
1:ItNr	2:Metric	3a:Time	3b:StepSize	4:||Gradient||	ExactMetric0	Time[ms]
0	-0.710729	0.000000	9.208500	0.025407	-0.714483	541.0
1	-0.731692	0.000000	9.208500	0.037674	-0.712261	103.2
2	-0.718814	1.000000	8.789932	0.057965	-0.706340	95.4
3	-0.725771	2.000000	8.407761	0.072047	-0.704767	104.0
4	-0.715017	3.000000	8.057438	0.062233	-0.712764	99.2
5	-0.723125	4.000000	7.735140	0.054327	-0.708764	94.5
6	-0.697556	5.000000	7.437635	0.050334	-0.713247	96.5
7	-0.712452	6.000000	7.162167	0.033946	-0.716134	102.6
8	-0.718208	7.000000	6.906375	0.028144	-0.715950	94.8
9	-0.705820	8.000000	6.668224	0.038387	-0.713960	83.7
10	-0.696393	9.000000	6.445950	0.040256	-0.716199	93.5
11	-0.723474	10.000000	6.238016	0.041836	-0.713376	93.0
12	-0.693531	11.000000	6.043078	0.035472	-0.716940	93.2
13	-0.718327	12.000000	5.859955	0.018760	-0.716025	91.2
14	-0.714802	11.878678	5.881578	0.032381	-0.716625	99.0
15	-0.725649	12.878678	5.707971	0.024396	-0.716582	91.7
16	-0.724569	13.878678	5.544319	0.016462	-0.716891	95.7
17	-0.709997	14.878678	5.389789	0.028052	-0.714827	91.7
18	-0.722264	15.878678	5.243640	0.026269	-0.716944	90.8
19	-0.720806	16.878678	5.105207	0.017350	-0.717281	97.2
20	-0.721672	17.875729	4.974273	0.021662	-0.715320	100.0
21	-0.741558	17.754412	4.989845	0.041136	-0.714764	96.6
22	-0.725749	18.754412	4.864328	0.028026	-0.716075	109.0
23	-0.714539	19.754412	4.744971	0.012211	-0.716179	90.7
24	-0.706816	19.633090	4.759139	0.030426	-0.715529	117.7
25	-0.709111	20.633090	4.644827	0.021133	-0.715956	103.4
26	-0.726013	21.633090	4.535878	0.016964	-0.715998	121.8
27	-0.723876	21.518725	4.548079	0.017408	-0.716405	100.4
28	-0.746834	22.518657	4.443577	0.018121	-0.716204	83.4
29	-0.716279	23.511682	4.344444	0.017689	-0.716059	94.2
30	-0.716416	24.332689	4.265763	0.022598	-0.716253	93.6
31	-0.718949	25.332688	4.173695	0.029653	-0.716387	84.2
32	-0.747223	26.332688	4.085517	0.024773	-0.716510	96.2
33	-0.713721	27.332688	4.000988	0.019037	-0.716633	102.9
34	-0.714840	28.332688	3.919886	0.024363	-0.717020	118.3
35	-0.736938	29.332688	3.842006	0.021497	-0.716541	98.6
36	-0.717018	30.332688	3.767161	0.012981	-0.716333	109.8
37	-0.734244	31.332688	3.695176	0.022462	-0.716912	107.3
38	-0.728116	31.211599	3.703746	0.024614	-0.717220	107.5
39	-0.740519	32.211599	3.634142	0.018659	-0.716765	95.8
40	-0.740136	33.211599	3.567106	0.023213	-0.716107	114.2
41	-0.722461	33.090277	3.575107	0.019115	-0.716623	97.8
42	-0.718232	34.090241	3.510213	0.024271	-0.716506	81.3
43	-0.704981	33.968919	3.517961	0.023640	-0.715956	100.2
44	-0.742244	34.968919	3.455105	0.028822	-0.716584	93.3
45	-0.725830	35.968919	3.394456	0.026045	-0.716232	100.1
46	-0.723111	35.847597	3.401701	0.021018	-0.716891	116.7
47	-0.702006	36.847597	3.342896	0.022186	-0.716903	101.0
48	-0.737915	37.847566	3.286092	0.023469	-0.716922	131.1
49	-0.713291	38.847563	3.231184	0.019783	-0.716349	107.1
50	-0.736641	38.726458	3.237736	0.030003	-0.716624	100.6
51	-0.713937	39.726458	3.184419	0.017047	-0.716723	116.8
52	-0.743290	40.726458	3.132830	0.012381	-0.716673	107.6
53	-0.733106	40.605136	3.139000	0.022002	-0.716469	103.1
54	-0.704480	41.605136	3.088860	0.017469	-0.716062	102.2
55	-0.717751	42.605123	3.040298	0.021842	-0.715930	112.5
56	-0.726747	42.483803	3.046108	0.027303	-0.715632	130.7
57	-0.725860	42.362484	3.051940	0.021024	-0.715780	106.0
58	-0.712663	42.253773	3.057185	0.020688	-0.715827	107.7
59	-0.702552	42.134110	3.062980	0.031923	-0.715568	118.0
60	-0.719589	42.228605	3.058402	0.022736	-0.715785	106.7
61	-0.711101	43.228605	3.010785	0.026317	-0.715805	106.0
62	-0.712030	44.228604	2.964627	0.023959	-0.715602	102.7
63	-0.717545	45.228604	2.919864	0.015960	-0.715903	113.3
64	-0.712735	46.228604	2.876432	0.015127	-0.715988	123.3
65	-0.722613	47.224987	2.834423	0.020457	-0.716076	123.7
66	-0.720552	48.224987	2.793478	0.028972	-0.716062	106.6
67	-0.736408	49.224987	2.753699	0.020337	-0.715661	122.5
68	-0.706828	49.103665	2.758465	0.014942	-0.715784	102.9
69	-0.736556	50.103641	2.719671	0.025162	-0.716104	103.6
70	-0.716869	51.103641	2.681952	0.029179	-0.716184	109.1
71	-0.726160	51.356820	2.672568	0.040521	-0.715770	117.0
72	-0.704232	52.356820	2.636135	0.011670	-0.715917	108.5
73	-0.720721	53.356820	2.600683	0.026684	-0.716454	105.8
74	-0.727723	53.591126	2.592514	0.023298	-0.716364	102.6
75	-0.723548	53.469804	2.596737	0.025913	-0.716537	93.9
76	-0.731764	54.469804	2.562329	0.019508	-0.716336	104.1
77	-0.730903	55.202201	2.537702	0.022448	-0.715878	106.4
78	-0.705157	55.080879	2.541749	0.018065	-0.716145	92.5
79	-0.740407	56.080879	2.508774	0.020419	-0.716334	120.9
80	-0.735921	55.961945	2.512651	0.018447	-0.716029	121.8
81	-0.712171	56.007575	2.511162	0.021656	-0.716269	102.5
82	-0.721560	57.007575	2.478971	0.018478	-0.716433	137.2
83	-0.722939	56.886253	2.482832	0.021870	-0.716007	102.1
84	-0.708650	57.886253	2.451359	0.025469	-0.716365	105.2
85	-0.720745	58.886253	2.420673	0.017236	-0.716294	94.5
86	-0.732664	59.886253	2.390746	0.017782	-0.716381	87.3
87	-0.722874	60.886253	2.361550	0.021729	-0.716001	89.7
88	-0.730102	60.765021	2.365052	0.022390	-0.716104	100.4
89	-0.747337	61.765021	2.336476	0.019787	-0.716173	93.6
90	-0.699808	62.765021	2.308583	0.020584	-0.716148	94.1
91	-0.706850	63.764465	2.281363	0.016762	-0.716106	117.3
92	-0.735695	64.764465	2.254763	0.020104	-0.716211	99.4
93	-0.747765	64.643544	2.257946	0.027464	-0.716365	100.2
94	-0.716776	65.643544	2.231886	0.019543	-0.716383	95.5
95	-0.730581	66.643544	2.206420	0.018017	-0.716263	101.9
96	-0.715345	66.522222	2.209479	0.015372	-0.716275	93.8
97	-0.727645	67.522222	2.184519	0.020950	-0.716169	99.0
98	-0.733761	68.522221	2.160117	0.019038	-0.716250	92.8
99	-0.735641	69.522221	2.136255	0.021568	-0.716337	99.0
Time spent in resolution 2 (ITK initialization and iterating): 10.741 s.
Stopping condition: Maximum number of iterations has been reached.
Settings of AdaptiveStochasticGradientDescent in resolution 2:
( SP_a 193.378506 )
( SP_A 20.000000 )
( SP_alpha 1.000000 )
( SigmoidMax 1.000000 )
( SigmoidMin -0.121322 )
( SigmoidScale 0.000006 )



=============== start of TransformParameterFile ===============
(Transform "AffineTransform")
(NumberOfParameters 12)
(TransformParameters 0.999433 0.000889 0.000255 -0.001464 0.998315 -0.001045 -0.000689 -0.001837 1.011123 -0.034112 0.068379 -0.167527)
(InitialTransformParametersFileName "/home/ybr19/Software/Registration/elastixReg/TemporaryResults/OutputEuler/TransformParameters.0.txt")
(HowToCombineTransforms "Compose")

// Image specific
(FixedImageDimension 3)
(MovingImageDimension 3)
(FixedInternalImagePixelType "float")
(MovingInternalImagePixelType "float")
(Size 148 176 144)
(Index 0 0 0)
(Spacing 1.5472972393 1.5472972393 1.4900000095)
(Origin -107.7472152710 -148.0010986328 -137.0252075195)
(Direction -0.0000000000 0.0000000000 1.0000000000 0.0000000000 1.0000000000 0.0000000000 1.0000000000 0.0000000000 0.0000000000)
(UseDirectionCosines "true")

// AdvancedAffineTransform specific
(CenterOfRotationPoint -1.1205065891 -12.6368681937 -24.1774004307)

// ResampleInterpolator specific
(ResampleInterpolator "FinalBSplineInterpolator")
(FinalBSplineInterpolationOrder 3)

// Resampler specific
(Resampler "DefaultResampler")
(DefaultPixelValue 0.000000)
(ResultImageFormat "nii")
(ResultImagePixelType "float")
(CompressResultImage "false")

=============== end of TransformParameterFile ===============

Creating the TransformParameterFile took 0.00s

Registration result checksum: 1597057457

Skipping applying final transform, no resulting output image generated.

Final metric value  = -0.735641
Settings of AdaptiveStochasticGradientDescent for all resolutions:
( SP_a 216.044533 206.195509 193.378506 )
( SP_A 20.000000 20.000000 20.000000 )
( SP_alpha 1.000000 1.000000 1.000000 )
( SigmoidMax 1.000000 1.000000 1.000000 )
( SigmoidMin -0.081237 -0.097607 -0.121322 )
( SigmoidScale 0.000003 0.000004 0.000006 )

Time spent on saving the results, applying the final transform etc.: 40 ms.
Running elastix with parameter file 0: "/home/ybr19/Software/Registration/elastixReg/TransformationParameters/parameters_single_affine.txt", has finished.


Current time: Wed Aug 25 09:46:07 2021.
Time used for running elastix with this parameter file:
  16.6s.

-------------------------------------------------------------------------

Total time elapsed: 16.6s.

